// Jest Snapshot v1, https://goo.gl/fbAQLP

exports[`Coin component component match with the snapshot 1`] = `
<a
  className="card"
  href="/detail/bitcoin"
  onClick={[Function]}
>
  <h2>
    BTC
  </h2>
  <small>
    bitcoin
  </small>
  <p>
    $
    29067.86
  </p>
</a>
`;
